// Jest Snapshot v1, https://goo.gl/fbAQLP

exports[`Catalog тест на:  тест на отображение деталей о товаре  1`] = `
<div
  className="Application"
>
  <nav
    className="navbar navbar-expand-sm navbar-light bg-light"
  >
    <div
      className="container"
    >
      <a
        className="Application-Brand navbar-brand"
        href="/"
        onClick={[Function]}
      >
        Example store
      </a>
      <button
        aria-label="Toggle navigation"
        className="Application-Toggler navbar-toggler"
        onClick={[Function]}
      >
        <span
          className="navbar-toggler-icon"
        />
      </button>
      <div
        className="Application-Menu collapse navbar-collapse"
      >
        <div
          className="navbar-nav"
        >
          <a
            aria-current="page"
            className="nav-link active"
            href="/catalog"
            onClick={[Function]}
            style={Object {}}
          >
            Catalog
          </a>
          <a
            aria-current={null}
            className="nav-link"
            href="/delivery"
            onClick={[Function]}
          >
            Delivery
          </a>
          <a
            aria-current={null}
            className="nav-link"
            href="/contacts"
            onClick={[Function]}
          >
            Contacts
          </a>
          <a
            aria-current={null}
            className="nav-link"
            href="/cart"
            onClick={[Function]}
          >
            Cart
          </a>
        </div>
      </div>
    </div>
  </nav>
  <div
    className="container pt-4"
  >
    <div
      className="Product"
    >
      <div
        className="ProductDetails row"
      >
        <div
          className="col-12 col-sm-5 col-lg-4"
        >
          <img
            className="Image"
            src="data:image/png;base64,iVBORw0KGgoAAAANSUhEUgAAAAEAAAABCAQAAAC1HAwCAAAAC0lEQVR42mNkMAYAADkANVKH3ScAAAAASUVORK5CYII="
          />
        </div>
        <div
          className="col-12 col-sm-7 col-lg-6"
        >
          <h1
            className="ProductDetails-Name"
          >
            test-product-name
          </h1>
          <p
            className="ProductDetails-Description"
          >
            test-product-description
          </p>
          <p
            className="ProductDetails-Price fs-3"
          >
            $
            1
          </p>
          <p>
            <button
              className="ProductDetails-AddToCart btn btn-primary btn-lg"
              onClick={[Function]}
            >
              Add to Cart
            </button>
          </p>
          <dl>
            <dt>
              Color
            </dt>
            <dd
              className="ProductDetails-Color text-capitalize"
            >
              black
            </dd>
            <dt>
              Material
            </dt>
            <dd
              className="ProductDetails-Material text-capitalize"
            >
              test-product-material
            </dd>
          </dl>
        </div>
      </div>
    </div>
  </div>
</div>
`;
