// Jest Snapshot v1, https://goo.gl/fbAQLP

exports[`Form тесты на:  Отрисовку сообщения о совершении заказа 1`] = `
<div
  className="Application"
>
  <nav
    className="navbar navbar-expand-sm navbar-light bg-light"
  >
    <div
      className="container"
    >
      <a
        className="Application-Brand navbar-brand"
        href="/"
        onClick={[Function]}
      >
        Example store
      </a>
      <button
        aria-label="Toggle navigation"
        className="Application-Toggler navbar-toggler"
        onClick={[Function]}
      >
        <span
          className="navbar-toggler-icon"
        />
      </button>
      <div
        className="Application-Menu collapse navbar-collapse"
      >
        <div
          className="navbar-nav"
        >
          <a
            aria-current={null}
            className="nav-link"
            href="/catalog"
            onClick={[Function]}
          >
            Catalog
          </a>
          <a
            aria-current={null}
            className="nav-link"
            href="/delivery"
            onClick={[Function]}
          >
            Delivery
          </a>
          <a
            aria-current={null}
            className="nav-link"
            href="/contacts"
            onClick={[Function]}
          >
            Contacts
          </a>
          <a
            aria-current="page"
            className="nav-link active"
            href="/cart"
            onClick={[Function]}
            style={Object {}}
          >
            Cart
          </a>
        </div>
      </div>
    </div>
  </nav>
  <div
    className="container pt-4"
  >
    <div
      className="Cart"
    >
      <div
        className="row mb-4"
      >
        <div
          className="col"
        >
          <h1>
            Shopping cart
          </h1>
          <div
            className="row my-2"
          >
            <div
              className="col-12 col-sm-8 col-md-6"
            >
              <div
                className="Cart-SuccessMessage alert alert-success"
              >
                <h4
                  className="alert-heading"
                >
                  Well done!
                </h4>
                <p>
                  Order #
                  <strong
                    className="Cart-Number"
                  >
                    10
                  </strong>
                   has been successfully completed.
                </p>
                <hr />
                <p
                  className="mb-0"
                >
                  Please wait for confirmation of delivery.
                </p>
              </div>
            </div>
          </div>
          Cart is empty. Please select products in the 
          <a
            href="/catalog"
            onClick={[Function]}
          >
            catalog
          </a>
          .
        </div>
      </div>
    </div>
  </div>
</div>
`;
